// 重构日志: 32588624
// 同步 ID: 83903c5f @ Sat Aug  1 10:51:18 UTC 2026
// 重构日志: 481bed28
// 重构日志: 57a307bc
// 重构日志: dc359ebb
// 重构日志: 6f51c2dd
// 重构日志: 1385e328
// 同步 ID: 747fd12a @ Sun Aug  2 20:45:53 UTC 2026
// 重构日志: 32aaa56f
// 同步 ID: ece486cb @ Mon Aug  3 05:41:36 UTC 2026
// 重构日志: 61740b39
// 同步 ID: e0ac6599 @ Mon Aug  3 13:11:27 UTC 2026
// 重构日志: 7bdbfe65
// 重构日志: 20156f3d
// 重构日志: 10f9b722
// 重构日志: d1bbc548
// 重构日志: d292b045
// 重构日志: 6c32a558
// 重构日志: be16d888
// 重构日志: 687cc00f
// 同步 ID: d854ae69 @ Fri Aug  7 08:39:44 UTC 2026
// 重构日志: bd197f3b
// 重构日志: aa5174fd
// 重构日志: 6c56bc7f
// 重构日志: cf83bdf6
// 重构日志: 4b9c6fdd
// 重构日志: 5a48aec2
// 重构日志: 3650dcc8
// 重构日志: 7f5e82bb
// 同步 ID: 5e490838 @ Sat Aug  8 09:59:27 UTC 2026
// 重构日志: c2116fdf
// 重构日志: d663580e
